top.dicoplus.Cell_0_0
	Internal state : 		COMMON_READY2START
	First candidate state :		UNKNOWN_FIRST
	Not first candidate state :	UNKNOWN_NOT_FIRST
	NORTH	: FIRST_NONE	NOT_FIRST_NONE
	EAST	: FIRST_NONE	NOT_FIRST_NONE
	SOUTH	: FIRST_NONE	NOT_FIRST_NONE
	WEST	: FIRST_NONE	NOT_FIRST_NONE

top.dicoplus.Cell_0_1
	Internal state : 		COMMON_READY2START
	First candidate state :		UNKNOWN_FIRST
	Not first candidate state :	UNKNOWN_NOT_FIRST
	NORTH	: FIRST_NONE	NOT_FIRST_NONE
	EAST	: FIRST_NONE	NOT_FIRST_NONE
	SOUTH	: FIRST_NONE	NOT_FIRST_NONE
	WEST	: FIRST_NONE	NOT_FIRST_NONE

top.dicoplus.Cell_0_2
	Internal state : 		COMMON_READY2START
	First candidate state :		UNKNOWN_FIRST
	Not first candidate state :	UNKNOWN_NOT_FIRST
	NORTH	: FIRST_NONE	NOT_FIRST_NONE
	EAST	: FIRST_NONE	NOT_FIRST_NONE
	SOUTH	: FIRST_NONE	NOT_FIRST_NONE
	WEST	: FIRST_NONE	NOT_FIRST_NONE

top.dicoplus.Cell_0_3
	Internal state : 		COMMON_READY2START
	First candidate state :		UNKNOWN_FIRST
	Not first candidate state :	UNKNOWN_NOT_FIRST
	NORTH	: FIRST_NONE	NOT_FIRST_NONE
	EAST	: FIRST_NONE	NOT_FIRST_NONE
	SOUTH	: FIRST_NONE	NOT_FIRST_NONE
	WEST	: FIRST_NONE	NOT_FIRST_NONE

top.dicoplus.Cell_0_4
	Internal state : 		COMMON_READY2START
	First candidate state :		UNKNOWN_FIRST
	Not first candidate state :	UNKNOWN_NOT_FIRST
	NORTH	: FIRST_NONE	NOT_FIRST_NONE
	EAST	: FIRST_NONE	NOT_FIRST_NONE
	SOUTH	: FIRST_NONE	NOT_FIRST_NONE
	WEST	: FIRST_NONE	NOT_FIRST_NONE

top.dicoplus.Cell_0_5
	Internal state : 		COMMON_READY2START
	First candidate state :		UNKNOWN_FIRST
	Not first candidate state :	UNKNOWN_NOT_FIRST
	NORTH	: FIRST_NONE	NOT_FIRST_NONE
	EAST	: FIRST_NONE	NOT_FIRST_NONE
	SOUTH	: FIRST_NONE	NOT_FIRST_NONE
	WEST	: FIRST_NONE	NOT_FIRST_NONE

top.dicoplus.Cell_0_6
	Internal state : 		COMMON_READY2START
	First candidate state :		UNKNOWN_FIRST
	Not first candidate state :	UNKNOWN_NOT_FIRST
	NORTH	: FIRST_NONE	NOT_FIRST_NONE
	EAST	: FIRST_NONE	NOT_FIRST_NONE
	SOUTH	: FIRST_NONE	NOT_FIRST_NONE
	WEST	: FIRST_NONE	NOT_FIRST_NONE

top.dicoplus.Cell_1_0
	Internal state : 		COMMON_READY2START
	First candidate state :		UNKNOWN_FIRST
	Not first candidate state :	UNKNOWN_NOT_FIRST
	NORTH	: FIRST_NONE	NOT_FIRST_NONE
	EAST	: FIRST_NONE	NOT_FIRST_NONE
	SOUTH	: FIRST_NONE	NOT_FIRST_NONE
	WEST	: FIRST_NONE	NOT_FIRST_NONE

top.dicoplus.Cell_1_1
	Internal state : 		COMMON_READY2START
	First candidate state :		UNKNOWN_FIRST
	Not first candidate state :	UNKNOWN_NOT_FIRST
	NORTH	: FIRST_NONE	NOT_FIRST_NONE
	EAST	: FIRST_NONE	NOT_FIRST_PREVIOUS
	SOUTH	: FIRST_NONE	NOT_FIRST_NONE
	WEST	: FIRST_NONE	NOT_FIRST_NONE

top.dicoplus.Cell_1_2
	Internal state : 		COMMON_READY2START
	First candidate state :		UNKNOWN_FIRST
	Not first candidate state :	UNKNOWN_NOT_FIRST
	NORTH	: FIRST_NONE	NOT_FIRST_NONE
	EAST	: FIRST_NONE	NOT_FIRST_NONE
	SOUTH	: FIRST_NONE	NOT_FIRST_NONE
	WEST	: FIRST_NONE	NOT_FIRST_NONE

top.dicoplus.Cell_1_3
	Internal state : 		COMMON_READY2START
	First candidate state :		UNKNOWN_FIRST
	Not first candidate state :	UNKNOWN_NOT_FIRST
	NORTH	: FIRST_NONE	NOT_FIRST_NONE
	EAST	: FIRST_NONE	NOT_FIRST_NONE
	SOUTH	: FIRST_NONE	NOT_FIRST_NONE
	WEST	: FIRST_NONE	NOT_FIRST_NONE

top.dicoplus.Cell_1_4
	Internal state : 		COMMON_READY2START
	First candidate state :		UNKNOWN_FIRST
	Not first candidate state :	UNKNOWN_NOT_FIRST
	NORTH	: FIRST_NONE	NOT_FIRST_NONE
	EAST	: FIRST_NONE	NOT_FIRST_NONE
	SOUTH	: FIRST_NONE	NOT_FIRST_NONE
	WEST	: FIRST_NONE	NOT_FIRST_NONE

top.dicoplus.Cell_1_5
	Internal state : 		COMMON_READY2START
	First candidate state :		UNKNOWN_FIRST
	Not first candidate state :	UNKNOWN_NOT_FIRST
	NORTH	: FIRST_NONE	NOT_FIRST_NONE
	EAST	: FIRST_NONE	NOT_FIRST_NONE
	SOUTH	: FIRST_NONE	NOT_FIRST_NONE
	WEST	: FIRST_NONE	NOT_FIRST_NONE

top.dicoplus.Cell_1_6
	Internal state : 		COMMON_READY2START
	First candidate state :		UNKNOWN_FIRST
	Not first candidate state :	UNKNOWN_NOT_FIRST
	NORTH	: FIRST_NONE	NOT_FIRST_NONE
	EAST	: FIRST_NONE	NOT_FIRST_NONE
	SOUTH	: FIRST_NONE	NOT_FIRST_NONE
	WEST	: FIRST_NONE	NOT_FIRST_NONE

top.dicoplus.Cell_2_0
	Internal state : 		COMMON_READY2START
	First candidate state :		UNKNOWN_FIRST
	Not first candidate state :	UNKNOWN_NOT_FIRST
	NORTH	: FIRST_NONE	NOT_FIRST_NONE
	EAST	: FIRST_NONE	NOT_FIRST_NONE
	SOUTH	: FIRST_NONE	NOT_FIRST_PREVIOUS
	WEST	: FIRST_NONE	NOT_FIRST_NONE

top.dicoplus.Cell_2_1
	Internal state : 		COMMON_CONFIRMED
	First candidate state :		UNKNOWN_FIRST
	Not first candidate state :	MATCHED_NOT_FIRST
	NORTH	: FIRST_NONE	NOT_FIRST_NONE
	EAST	: FIRST_NONE	NOT_FIRST_PREVIOUS
	SOUTH	: FIRST_NONE	NOT_FIRST_NONE
	WEST	: FIRST_NONE	NOT_FIRST_NONE

top.dicoplus.Cell_2_2
	Internal state : 		COMMON_READY2START
	First candidate state :		UNKNOWN_FIRST
	Not first candidate state :	UNKNOWN_NOT_FIRST
	NORTH	: FIRST_NONE	NOT_FIRST_PREVIOUS
	EAST	: FIRST_NONE	NOT_FIRST_NONE
	SOUTH	: FIRST_NONE	NOT_FIRST_NONE
	WEST	: FIRST_NONE	NOT_FIRST_NONE

top.dicoplus.Cell_2_3
	Internal state : 		COMMON_READY2START
	First candidate state :		UNKNOWN_FIRST
	Not first candidate state :	UNKNOWN_NOT_FIRST
	NORTH	: FIRST_NONE	NOT_FIRST_NONE
	EAST	: FIRST_NONE	NOT_FIRST_NONE
	SOUTH	: FIRST_NONE	NOT_FIRST_NONE
	WEST	: FIRST_NONE	NOT_FIRST_NONE

top.dicoplus.Cell_2_4
	Internal state : 		COMMON_READY2START
	First candidate state :		UNKNOWN_FIRST
	Not first candidate state :	UNKNOWN_NOT_FIRST
	NORTH	: FIRST_NONE	NOT_FIRST_NONE
	EAST	: FIRST_NONE	NOT_FIRST_NONE
	SOUTH	: FIRST_NONE	NOT_FIRST_NONE
	WEST	: FIRST_NONE	NOT_FIRST_NONE

top.dicoplus.Cell_2_5
	Internal state : 		COMMON_READY2START
	First candidate state :		UNKNOWN_FIRST
	Not first candidate state :	UNKNOWN_NOT_FIRST
	NORTH	: FIRST_NONE	NOT_FIRST_NONE
	EAST	: FIRST_NONE	NOT_FIRST_NONE
	SOUTH	: FIRST_NONE	NOT_FIRST_NONE
	WEST	: FIRST_NONE	NOT_FIRST_NONE

top.dicoplus.Cell_2_6
	Internal state : 		COMMON_READY2START
	First candidate state :		UNKNOWN_FIRST
	Not first candidate state :	UNKNOWN_NOT_FIRST
	NORTH	: FIRST_NONE	NOT_FIRST_NONE
	EAST	: FIRST_NONE	NOT_FIRST_NONE
	SOUTH	: FIRST_NONE	NOT_FIRST_NONE
	WEST	: FIRST_NONE	NOT_FIRST_NONE

top.dicoplus.Cell_3_0
	Internal state : 		COMMON_READY2START
	First candidate state :		UNKNOWN_FIRST
	Not first candidate state :	UNKNOWN_NOT_FIRST
	NORTH	: FIRST_NONE	NOT_FIRST_NONE
	EAST	: FIRST_NONE	NOT_FIRST_NONE
	SOUTH	: FIRST_NONE	NOT_FIRST_NONE
	WEST	: FIRST_NONE	NOT_FIRST_NONE

top.dicoplus.Cell_3_1
	Internal state : 		COMMON_CONFIRMED
	First candidate state :		UNKNOWN_FIRST
	Not first candidate state :	ATTACHED_NOT_FIRST
	NORTH	: FIRST_NONE	NOT_FIRST_NONE
	EAST	: FIRST_NONE	NOT_FIRST_PREVIOUS
	SOUTH	: FIRST_NONE	NOT_FIRST_NONE
	WEST	: FIRST_NONE	NOT_FIRST_NEXT

top.dicoplus.Cell_3_2
	Internal state : 		COMMON_READY2START
	First candidate state :		UNKNOWN_FIRST
	Not first candidate state :	UNKNOWN_NOT_FIRST
	NORTH	: FIRST_NONE	NOT_FIRST_NONE
	EAST	: FIRST_NONE	NOT_FIRST_NONE
	SOUTH	: FIRST_NONE	NOT_FIRST_NONE
	WEST	: FIRST_NONE	NOT_FIRST_NONE

top.dicoplus.Cell_3_3
	Internal state : 		COMMON_READY2START
	First candidate state :		UNKNOWN_FIRST
	Not first candidate state :	UNKNOWN_NOT_FIRST
	NORTH	: FIRST_NONE	NOT_FIRST_NONE
	EAST	: FIRST_NONE	NOT_FIRST_NONE
	SOUTH	: FIRST_NONE	NOT_FIRST_NONE
	WEST	: FIRST_NONE	NOT_FIRST_NONE

top.dicoplus.Cell_3_4
	Internal state : 		COMMON_READY2START
	First candidate state :		UNKNOWN_FIRST
	Not first candidate state :	UNKNOWN_NOT_FIRST
	NORTH	: FIRST_NONE	NOT_FIRST_NONE
	EAST	: FIRST_NONE	NOT_FIRST_PREVIOUS
	SOUTH	: FIRST_NONE	NOT_FIRST_NONE
	WEST	: FIRST_NONE	NOT_FIRST_NONE

top.dicoplus.Cell_3_5
	Internal state : 		COMMON_READY2START
	First candidate state :		UNKNOWN_FIRST
	Not first candidate state :	UNKNOWN_NOT_FIRST
	NORTH	: FIRST_NONE	NOT_FIRST_NONE
	EAST	: FIRST_NONE	NOT_FIRST_NONE
	SOUTH	: FIRST_NONE	NOT_FIRST_NONE
	WEST	: FIRST_NONE	NOT_FIRST_NONE

top.dicoplus.Cell_3_6
	Internal state : 		COMMON_READY2START
	First candidate state :		UNKNOWN_FIRST
	Not first candidate state :	UNKNOWN_NOT_FIRST
	NORTH	: FIRST_NONE	NOT_FIRST_NONE
	EAST	: FIRST_NONE	NOT_FIRST_NONE
	SOUTH	: FIRST_NONE	NOT_FIRST_NONE
	WEST	: FIRST_NONE	NOT_FIRST_NONE

top.dicoplus.Cell_4_0
	Internal state : 		COMMON_READY2START
	First candidate state :		UNKNOWN_FIRST
	Not first candidate state :	UNKNOWN_NOT_FIRST
	NORTH	: FIRST_NONE	NOT_FIRST_NONE
	EAST	: FIRST_NONE	NOT_FIRST_NONE
	SOUTH	: FIRST_NONE	NOT_FIRST_NONE
	WEST	: FIRST_NONE	NOT_FIRST_NONE

top.dicoplus.Cell_4_1
	Internal state : 		COMMON_CONFIRMED
	First candidate state :		UNKNOWN_FIRST
	Not first candidate state :	ATTACHED_NOT_FIRST
	NORTH	: FIRST_NONE	NOT_FIRST_NONE
	EAST	: FIRST_NONE	NOT_FIRST_PREVIOUS
	SOUTH	: FIRST_NONE	NOT_FIRST_NONE
	WEST	: FIRST_NONE	NOT_FIRST_NEXT

top.dicoplus.Cell_4_2
	Internal state : 		COMMON_READY2START
	First candidate state :		UNKNOWN_FIRST
	Not first candidate state :	UNKNOWN_NOT_FIRST
	NORTH	: FIRST_NONE	NOT_FIRST_NONE
	EAST	: FIRST_NONE	NOT_FIRST_NONE
	SOUTH	: FIRST_NONE	NOT_FIRST_NONE
	WEST	: FIRST_NONE	NOT_FIRST_NONE

top.dicoplus.Cell_4_3
	Internal state : 		COMMON_READY2START
	First candidate state :		UNKNOWN_FIRST
	Not first candidate state :	UNKNOWN_NOT_FIRST
	NORTH	: FIRST_NONE	NOT_FIRST_NONE
	EAST	: FIRST_NONE	NOT_FIRST_NONE
	SOUTH	: FIRST_NONE	NOT_FIRST_NONE
	WEST	: FIRST_NONE	NOT_FIRST_NONE

top.dicoplus.Cell_4_4
	Internal state : 		COMMON_CONFIRMED
	First candidate state :		FIRST
	Not first candidate state :	UNKNOWN_NOT_FIRST
	NORTH	: FIRST_NONE	NOT_FIRST_NONE
	EAST	: FIRST_NEXT	NOT_FIRST_NONE
	SOUTH	: FIRST_NEXT	NOT_FIRST_NONE
	WEST	: FIRST_NONE	NOT_FIRST_NONE

top.dicoplus.Cell_4_5
	Internal state : 		COMMON_CONFIRMED
	First candidate state :		UNKNOWN_FIRST
	Not first candidate state :	ATTACHED_NOT_FIRST
	NORTH	: FIRST_NONE	NOT_FIRST_PREVIOUS
	EAST	: FIRST_NONE	NOT_FIRST_NEXT
	SOUTH	: FIRST_NONE	NOT_FIRST_NONE
	WEST	: FIRST_NONE	NOT_FIRST_NONE

top.dicoplus.Cell_4_6
	Internal state : 		COMMON_READY2START
	First candidate state :		UNKNOWN_FIRST
	Not first candidate state :	UNKNOWN_NOT_FIRST
	NORTH	: FIRST_NONE	NOT_FIRST_NONE
	EAST	: FIRST_NONE	NOT_FIRST_NONE
	SOUTH	: FIRST_NONE	NOT_FIRST_NONE
	WEST	: FIRST_NONE	NOT_FIRST_NONE

top.dicoplus.Cell_5_0
	Internal state : 		COMMON_READY2START
	First candidate state :		UNKNOWN_FIRST
	Not first candidate state :	UNKNOWN_NOT_FIRST
	NORTH	: FIRST_NONE	NOT_FIRST_NONE
	EAST	: FIRST_NONE	NOT_FIRST_NONE
	SOUTH	: FIRST_NONE	NOT_FIRST_NONE
	WEST	: FIRST_NONE	NOT_FIRST_NONE

top.dicoplus.Cell_5_1
	Internal state : 		COMMON_CONFIRMED
	First candidate state :		UNKNOWN_FIRST
	Not first candidate state :	ATTACHED_NOT_FIRST
	NORTH	: FIRST_NONE	NOT_FIRST_NONE
	EAST	: FIRST_NONE	NOT_FIRST_NONE
	SOUTH	: FIRST_NONE	NOT_FIRST_NEXT
	WEST	: FIRST_NONE	NOT_FIRST_NEXT

top.dicoplus.Cell_5_2
	Internal state : 		COMMON_CONFIRMED
	First candidate state :		UNKNOWN_FIRST
	Not first candidate state :	ATTACHED_NOT_FIRST
	NORTH	: FIRST_NONE	NOT_FIRST_NEXT
	EAST	: FIRST_NONE	NOT_FIRST_NONE
	SOUTH	: FIRST_NONE	NOT_FIRST_PREVIOUS
	WEST	: FIRST_NONE	NOT_FIRST_NONE

top.dicoplus.Cell_5_3
	Internal state : 		COMMON_CONFIRMED
	First candidate state :		UNKNOWN_FIRST
	Not first candidate state :	ATTACHED_NOT_FIRST
	NORTH	: FIRST_NONE	NOT_FIRST_NEXT
	EAST	: FIRST_NONE	NOT_FIRST_NONE
	SOUTH	: FIRST_NONE	NOT_FIRST_PREVIOUS
	WEST	: FIRST_NONE	NOT_FIRST_NONE

top.dicoplus.Cell_5_4
	Internal state : 		COMMON_CONFIRMED
	First candidate state :		UNKNOWN_FIRST
	Not first candidate state :	ATTACHED_NOT_FIRST
	NORTH	: FIRST_NONE	NOT_FIRST_NEXT
	EAST	: FIRST_NONE	NOT_FIRST_NONE
	SOUTH	: FIRST_NONE	NOT_FIRST_PREVIOUS
	WEST	: FIRST_NONE	NOT_FIRST_NONE

top.dicoplus.Cell_5_5
	Internal state : 		COMMON_CONFIRMED
	First candidate state :		UNKNOWN_FIRST
	Not first candidate state :	ATTACHED_NOT_FIRST
	NORTH	: FIRST_NONE	NOT_FIRST_NEXT
	EAST	: FIRST_NONE	NOT_FIRST_NONE
	SOUTH	: FIRST_NONE	NOT_FIRST_NONE
	WEST	: FIRST_NONE	NOT_FIRST_PREVIOUS

top.dicoplus.Cell_5_6
	Internal state : 		COMMON_READY2START
	First candidate state :		UNKNOWN_FIRST
	Not first candidate state :	UNKNOWN_NOT_FIRST
	NORTH	: FIRST_NONE	NOT_FIRST_NONE
	EAST	: FIRST_NONE	NOT_FIRST_NONE
	SOUTH	: FIRST_NONE	NOT_FIRST_NONE
	WEST	: FIRST_NONE	NOT_FIRST_NONE

top.dicoplus.Cell_6_0
	Internal state : 		COMMON_READY2START
	First candidate state :		UNKNOWN_FIRST
	Not first candidate state :	UNKNOWN_NOT_FIRST
	NORTH	: FIRST_NONE	NOT_FIRST_NONE
	EAST	: FIRST_NONE	NOT_FIRST_NONE
	SOUTH	: FIRST_NONE	NOT_FIRST_NONE
	WEST	: FIRST_NONE	NOT_FIRST_NONE

top.dicoplus.Cell_6_1
	Internal state : 		COMMON_READY2START
	First candidate state :		UNKNOWN_FIRST
	Not first candidate state :	UNKNOWN_NOT_FIRST
	NORTH	: FIRST_NONE	NOT_FIRST_NONE
	EAST	: FIRST_NONE	NOT_FIRST_NONE
	SOUTH	: FIRST_NONE	NOT_FIRST_NONE
	WEST	: FIRST_NONE	NOT_FIRST_NONE

top.dicoplus.Cell_6_2
	Internal state : 		COMMON_READY2START
	First candidate state :		UNKNOWN_FIRST
	Not first candidate state :	UNKNOWN_NOT_FIRST
	NORTH	: FIRST_NONE	NOT_FIRST_NONE
	EAST	: FIRST_NONE	NOT_FIRST_NONE
	SOUTH	: FIRST_NONE	NOT_FIRST_NONE
	WEST	: FIRST_NONE	NOT_FIRST_NONE

top.dicoplus.Cell_6_3
	Internal state : 		COMMON_READY2START
	First candidate state :		UNKNOWN_FIRST
	Not first candidate state :	UNKNOWN_NOT_FIRST
	NORTH	: FIRST_NONE	NOT_FIRST_NONE
	EAST	: FIRST_NONE	NOT_FIRST_NONE
	SOUTH	: FIRST_NONE	NOT_FIRST_NONE
	WEST	: FIRST_NONE	NOT_FIRST_NONE

top.dicoplus.Cell_6_4
	Internal state : 		COMMON_READY2START
	First candidate state :		UNKNOWN_FIRST
	Not first candidate state :	UNKNOWN_NOT_FIRST
	NORTH	: FIRST_NONE	NOT_FIRST_NONE
	EAST	: FIRST_NONE	NOT_FIRST_NONE
	SOUTH	: FIRST_NONE	NOT_FIRST_NONE
	WEST	: FIRST_NONE	NOT_FIRST_NONE

top.dicoplus.Cell_6_5
	Internal state : 		COMMON_READY2START
	First candidate state :		UNKNOWN_FIRST
	Not first candidate state :	UNKNOWN_NOT_FIRST
	NORTH	: FIRST_NONE	NOT_FIRST_NONE
	EAST	: FIRST_NONE	NOT_FIRST_NONE
	SOUTH	: FIRST_NONE	NOT_FIRST_NONE
	WEST	: FIRST_NONE	NOT_FIRST_NONE

top.dicoplus.Cell_6_6
	Internal state : 		COMMON_READY2START
	First candidate state :		UNKNOWN_FIRST
	Not first candidate state :	UNKNOWN_NOT_FIRST
	NORTH	: FIRST_NONE	NOT_FIRST_NONE
	EAST	: FIRST_NONE	NOT_FIRST_NONE
	SOUTH	: FIRST_NONE	NOT_FIRST_NONE
	WEST	: FIRST_NONE	NOT_FIRST_NONE

