top.dicoplus.Cell_0_0 : ' '
	Internal state : 		COMMON_READY2START
	First candidate state :		UNKNOWN_FIRST
	Not first candidate state :	UNKNOWN_NOT_FIRST
	NORTH	: 
	EAST	: 
	SOUTH	: 
	WEST	: 

top.dicoplus.Cell_0_1 : ' '
	Internal state : 		COMMON_READY2START
	First candidate state :		UNKNOWN_FIRST
	Not first candidate state :	UNKNOWN_NOT_FIRST
	NORTH	: 
	EAST	: 
	SOUTH	: 
	WEST	: 

top.dicoplus.Cell_0_2 : ' '
	Internal state : 		COMMON_READY2START
	First candidate state :		UNKNOWN_FIRST
	Not first candidate state :	UNKNOWN_NOT_FIRST
	NORTH	: 
	EAST	: 
	SOUTH	: 
	WEST	: 

top.dicoplus.Cell_0_3 : ' '
	Internal state : 		COMMON_READY2START
	First candidate state :		UNKNOWN_FIRST
	Not first candidate state :	UNKNOWN_NOT_FIRST
	NORTH	: 
	EAST	: 
	SOUTH	: 
	WEST	: 

top.dicoplus.Cell_0_4 : ' '
	Internal state : 		COMMON_READY2START
	First candidate state :		UNKNOWN_FIRST
	Not first candidate state :	UNKNOWN_NOT_FIRST
	NORTH	: 
	EAST	: 
	SOUTH	: 
	WEST	: 

top.dicoplus.Cell_0_5 : ' '
	Internal state : 		COMMON_READY2START
	First candidate state :		UNKNOWN_FIRST
	Not first candidate state :	UNKNOWN_NOT_FIRST
	NORTH	: 
	EAST	: 
	SOUTH	: 
	WEST	: 

top.dicoplus.Cell_0_6 : ' '
	Internal state : 		COMMON_READY2START
	First candidate state :		UNKNOWN_FIRST
	Not first candidate state :	UNKNOWN_NOT_FIRST
	NORTH	: 
	EAST	: 
	SOUTH	: 
	WEST	: 

top.dicoplus.Cell_1_0 : ' '
	Internal state : 		COMMON_READY2START
	First candidate state :		UNKNOWN_FIRST
	Not first candidate state :	UNKNOWN_NOT_FIRST
	NORTH	: 
	EAST	: 
	SOUTH	: 
	WEST	: 

top.dicoplus.Cell_1_1 : 'O'
	Internal state : 		COMMON_CONFIRMED
	First candidate state :		UNKNOWN_FIRST
	Not first candidate state :	MATCHED_NOT_FIRST
	NORTH	: 
	EAST	: 
	SOUTH	: Cfd
	WEST	: 

top.dicoplus.Cell_1_2 : 'L'
	Internal state : 		COMMON_CONFIRMED
	First candidate state :		UNKNOWN_FIRST
	Not first candidate state :	ATTACHED_NOT_FIRST
	NORTH	: 	SOUTH-> LINK_CONFIRMED	
	EAST	: 
	SOUTH	: Cfd
	WEST	: 

top.dicoplus.Cell_1_3 : 'L'
	Internal state : 		COMMON_CONFIRMED
	First candidate state :		UNKNOWN_FIRST
	Not first candidate state :	ATTACHED_NOT_FIRST
	NORTH	: 	SOUTH-> LINK_CONFIRMED	
	EAST	: 
	SOUTH	: Cfd
	WEST	: 

top.dicoplus.Cell_1_4 : 'E'
	Internal state : 		COMMON_CONFIRMED
	First candidate state :		UNKNOWN_FIRST
	Not first candidate state :	ATTACHED_NOT_FIRST
	NORTH	: 	SOUTH-> LINK_CONFIRMED	
	EAST	: 
	SOUTH	: Cfd
	WEST	: 

top.dicoplus.Cell_1_5 : 'H'
	Internal state : 		COMMON_CONFIRMED
	First candidate state :		FIRST
	Not first candidate state :	UNKNOWN_NOT_FIRST
	NORTH	: FIRST : LINK_CONFIRMED
	EAST	: 
	SOUTH	: 
	WEST	: 

top.dicoplus.Cell_1_6 : ' '
	Internal state : 		COMMON_READY2START
	First candidate state :		UNKNOWN_FIRST
	Not first candidate state :	UNKNOWN_NOT_FIRST
	NORTH	: 
	EAST	: 
	SOUTH	: 
	WEST	: 

top.dicoplus.Cell_2_0 : ' '
	Internal state : 		COMMON_READY2START
	First candidate state :		UNKNOWN_FIRST
	Not first candidate state :	UNKNOWN_NOT_FIRST
	NORTH	: 
	EAST	: 
	SOUTH	: 
	WEST	: 

top.dicoplus.Cell_2_1 : ' '
	Internal state : 		COMMON_READY2START
	First candidate state :		UNKNOWN_FIRST
	Not first candidate state :	UNKNOWN_NOT_FIRST
	NORTH	: 
	EAST	: 
	SOUTH	: 
	WEST	: 

top.dicoplus.Cell_2_2 : ' '
	Internal state : 		COMMON_READY2START
	First candidate state :		UNKNOWN_FIRST
	Not first candidate state :	UNKNOWN_NOT_FIRST
	NORTH	: 
	EAST	: 
	SOUTH	: 
	WEST	: 

top.dicoplus.Cell_2_3 : ' '
	Internal state : 		COMMON_READY2START
	First candidate state :		UNKNOWN_FIRST
	Not first candidate state :	UNKNOWN_NOT_FIRST
	NORTH	: 
	EAST	: 
	SOUTH	: 
	WEST	: 

top.dicoplus.Cell_2_4 : ' '
	Internal state : 		COMMON_READY2START
	First candidate state :		UNKNOWN_FIRST
	Not first candidate state :	UNKNOWN_NOT_FIRST
	NORTH	: 
	EAST	: 
	SOUTH	: 
	WEST	: 

top.dicoplus.Cell_2_5 : ' '
	Internal state : 		COMMON_READY2START
	First candidate state :		UNKNOWN_FIRST
	Not first candidate state :	UNKNOWN_NOT_FIRST
	NORTH	: 
	EAST	: 
	SOUTH	: 
	WEST	: 

top.dicoplus.Cell_2_6 : ' '
	Internal state : 		COMMON_READY2START
	First candidate state :		UNKNOWN_FIRST
	Not first candidate state :	UNKNOWN_NOT_FIRST
	NORTH	: 
	EAST	: 
	SOUTH	: 
	WEST	: 

